
  ___  ____  ____  ____  ____ ®
 /__    /   ____/   /   ____/      StataNow 19.5
___/   /   /___/   /   /___/       BE—Basic Edition

 Statistics and Data Science       Copyright 1985-2025 StataCorp LLC
                                   StataCorp
                                   4905 Lakeway Drive
                                   College Station, Texas 77845 USA
                                   800-782-8272        https://www.stata.com
                                   979-696-4600        service@stata.com

Stata license: Single-user , expiring  7 May 2027
Serial number: 301909003295
  Licensed to: Cenk Yildiran
               Independent Researcher

Notes:
      1. Stata is running in batch mode.
      2. Unicode is supported; see help unicode_advice.

. do stata\04_data_architecture_audit.do 

. version 19

. clear all

. set more off

. 
. 
. display as text "============================================================
> "
============================================================

. display as text "04_data_architecture_audit.do"
04_data_architecture_audit.do

. display as text "Audit of frozen real-time forecast-stage calendars"
Audit of frozen real-time forecast-stage calendars

. display as text "============================================================
> "
============================================================

. 
. pwd
C:\Users\Cenk\OneDrive\1abc

. 
. 
. /**********************************************************************
> * 1. GDP STAGE CALENDAR
> **********************************************************************/
. 
. display as text ""


. display as text "=== GDP STAGE CALENDAR ==="
=== GDP STAGE CALENDAR ===

. 
. import delimited ///
>     "data/raw/forecast_calendars/gdp_stage_calendar.csv", ///
>     clear varnames(1) stringcols(_all)
(encoding automatically selected: ISO-8859-1)
(6 vars, 225 obs)

. 
. gen double fdate = daily(forecast_date, "YMD")

. gen double rdate = daily(actual_release_date, "YMD")

. format fdate rdate %td

. 
. destring days_to_release, replace
days_to_release: all characters numeric; replaced as int

. 
. gen qdate = quarterly(target_period, "YQ")

. format qdate %tq

. 
. assert !missing(fdate)

. assert !missing(qdate)

. 
. * There should be one calendar observation per target-period/stage.
. isid target_period forecast_stage

. 
. * Five governed GDP stages.
. gen byte stage_order = .
(225 missing values generated)

. replace stage_order = 1 if forecast_stage == "early_quarter"
(45 real changes made)

. replace stage_order = 2 if forecast_stage == "after_month_1"
(45 real changes made)

. replace stage_order = 3 if forecast_stage == "after_month_2"
(45 real changes made)

. replace stage_order = 4 if forecast_stage == "quarter_end"
(45 real changes made)

. replace stage_order = 5 if forecast_stage == "pre_advance_release"
(45 real changes made)

. 
. assert !missing(stage_order)

. 
. bysort target_period: assert _N == 5

. 
. * Build the calendar dates implied by the governed rules.
. gen double qstart = dofq(qdate)

. format qstart %td

. 
. gen double m1 = dofm(mofd(qstart))

. gen double m2 = dofm(mofd(qstart) + 1)

. gen double m3 = dofm(mofd(qstart) + 2)

. format m1 m2 m3 %td

. 
. gen double expected_date = .
(225 missing values generated)

. 
. replace expected_date = ///
>     mdy(month(m1), 15, year(m1)) ///
>     if forecast_stage == "early_quarter"
(45 real changes made)

. 
. replace expected_date = ///
>     mdy(month(m2), 15, year(m2)) ///
>     if forecast_stage == "after_month_1"
(45 real changes made)

. 
. replace expected_date = ///
>     mdy(month(m3), 15, year(m3)) ///
>     if forecast_stage == "after_month_2"
(45 real changes made)

. 
. replace expected_date = ///
>     dofq(qdate + 1) - 1 ///
>     if forecast_stage == "quarter_end"
(45 real changes made)

. 
. replace expected_date = ///
>     rdate - 1 ///
>     if forecast_stage == "pre_advance_release"
(45 real changes made)

. 
. format expected_date %td

. 
. gen byte date_rule_ok = (fdate == expected_date)

. 
. assert date_rule_ok == 1

. 
. * Validate stored days-to-release.
. gen calculated_days_to_release = rdate - fdate ///
>     if !missing(rdate)

. 
. assert calculated_days_to_release == days_to_release ///
>     if !missing(rdate)

. 
. * Stage dates must be strictly increasing within a target quarter.
. sort target_period stage_order

. by target_period: assert fdate > fdate[_n-1] if _n > 1

. 
. tab forecast_stage

     forecast_stage |      Freq.     Percent        Cum.
--------------------+-----------------------------------
      after_month_1 |         45       20.00       20.00
      after_month_2 |         45       20.00       40.00
      early_quarter |         45       20.00       60.00
pre_advance_release |         45       20.00       80.00
        quarter_end |         45       20.00      100.00
--------------------+-----------------------------------
              Total |        225      100.00

. summarize days_to_release, detail

                       days_to_release
-------------------------------------------------------------
      Percentiles      Smallest
 1%            1              1
 5%            1              1
10%            1              1       Obs                 225
25%           27              1       Sum of wgt.         225

50%           44                      Mean           51.96889
                        Largest       Std. dev.      37.68826
75%           76            128
90%          105            130       Variance       1420.405
95%          106            136       Skewness        .253562
99%          130            161       Kurtosis       2.047652

. 
. preserve

. collapse ///
>     (count) n_origins=fdate ///
>     (min) min_days=days_to_release ///
>     (median) median_days=days_to_release ///
>     (max) max_days=days_to_release, ///
>     by(forecast_stage stage_order)

. 
. sort stage_order

. list, noobs abbreviate(24)

  +------------------------------------------------------------------------+
  |      forecast_stage | stage_order | n_origins | min_days | median_days |
  |       early_quarter |           1 | 15feb1960 |      101 |         104 |
  |------------------------------------------------------------------------|
  |                                max_days                                |
  |                                     161                                |
  +------------------------------------------------------------------------+

  +------------------------------------------------------------------------+
  |      forecast_stage | stage_order | n_origins | min_days | median_days |
  |       after_month_1 |           2 | 15feb1960 |       70 |          74 |
  |------------------------------------------------------------------------|
  |                                max_days                                |
  |                                     130                                |
  +------------------------------------------------------------------------+

  +------------------------------------------------------------------------+
  |      forecast_stage | stage_order | n_origins | min_days | median_days |
  |       after_month_2 |           3 | 15feb1960 |       40 |          44 |
  |------------------------------------------------------------------------|
  |                                max_days                                |
  |                                      99                                |
  +------------------------------------------------------------------------+

  +------------------------------------------------------------------------+
  |      forecast_stage | stage_order | n_origins | min_days | median_days |
  |         quarter_end |           4 | 15feb1960 |       25 |          28 |
  |------------------------------------------------------------------------|
  |                                max_days                                |
  |                                      84                                |
  +------------------------------------------------------------------------+

  +------------------------------------------------------------------------+
  |      forecast_stage | stage_order | n_origins | min_days | median_days |
  | pre_advance_release |           5 | 15feb1960 |        1 |           1 |
  |------------------------------------------------------------------------|
  |                                max_days                                |
  |                                       1                                |
  +------------------------------------------------------------------------+

. format n_origins %9.0g

. restore

. 
. 
. /**********************************************************************
> * 2. INFLATION STAGE CALENDAR
> **********************************************************************/
. 
. display as text ""


. display as text "=== INFLATION STAGE CALENDAR ==="
=== INFLATION STAGE CALENDAR ===

. 
. import delimited ///
>     "data/raw/forecast_calendars/inflation_stage_calendar.csv", ///
>     clear varnames(1) stringcols(_all)
(encoding automatically selected: ISO-8859-2)
(7 vars, 1,202 obs)

. 
. gen double fdate = daily(forecast_date, "YMD")

. gen double rdate = daily(actual_release_date, "YMD")

. format fdate rdate %td

. 
. destring days_to_release, replace
days_to_release: all characters numeric; replaced as int

. 
. assert !missing(fdate)

. 
. isid target_series target_period forecast_stage

. 
. gen byte stage_order = .
(1,202 missing values generated)

. replace stage_order = 1 if forecast_stage == "month_open"
(294 real changes made)

. replace stage_order = 2 if forecast_stage == "mid_month"
(300 real changes made)

. replace stage_order = 3 if forecast_stage == "month_end"
(304 real changes made)

. replace stage_order = 4 if forecast_stage == "pre_release"
(304 real changes made)

. 
. assert !missing(stage_order)

. 
. * Exact calendar-rule checks.
. assert day(fdate) == 1 ///
>     if forecast_stage == "month_open"

. 
. assert day(fdate) == 15 ///
>     if forecast_stage == "mid_month"

. 
. assert fdate == dofm(mofd(fdate) + 1) - 1 ///
>     if forecast_stage == "month_end"

. 
. assert fdate == rdate - 1 ///
>     if forecast_stage == "pre_release"

. 
. gen calculated_days_to_release = rdate - fdate ///
>     if !missing(rdate)

. 
. assert calculated_days_to_release == days_to_release ///
>     if !missing(rdate)

. 
. * Check chronology wherever all four stages exist.
. bysort target_series target_period: gen byte nstages = _N

. 
. sort target_series target_period stage_order

. by target_series target_period: ///
>     assert fdate > fdate[_n-1] if _n > 1

. 
. tab forecast_stage

forecast_st |
        age |      Freq.     Percent        Cum.
------------+-----------------------------------
  mid_month |        300       24.96       24.96
  month_end |        304       25.29       50.25
 month_open |        294       24.46       74.71
pre_release |        304       25.29      100.00
------------+-----------------------------------
      Total |      1,202      100.00

. tab target_series

target_seri |
         es |      Freq.     Percent        Cum.
------------+-----------------------------------
   CPIAUCSL |        302       25.12       25.12
   CPILFESL |        302       25.12       50.25
      PCEPI |        299       24.88       75.12
   PCEPILFE |        299       24.88      100.00
------------+-----------------------------------
      Total |      1,202      100.00

. tab nstages

    nstages |      Freq.     Percent        Cum.
------------+-----------------------------------
          2 |          8        0.67        0.67
          3 |         18        1.50        2.16
          4 |      1,176       97.84      100.00
------------+-----------------------------------
      Total |      1,202      100.00

. 
. preserve

. collapse ///
>     (count) n_origins=fdate ///
>     (min) min_days=days_to_release ///
>     (median) median_days=days_to_release ///
>     (max) max_days=days_to_release, ///
>     by(forecast_stage stage_order)

. 
. sort stage_order

. list, noobs abbreviate(24)

  +-------------------------------------------------------------------+
  | forecast_stage | stage_order | n_origins | min_days | median_days |
  |     month_open |           1 | 21oct1960 |       37 |          49 |
  |-------------------------------------------------------------------|
  |                             max_days                              |
  |                                  113                              |
  +-------------------------------------------------------------------+

  +-------------------------------------------------------------------+
  | forecast_stage | stage_order | n_origins | min_days | median_days |
  |      mid_month |           2 | 27oct1960 |       23 |          34 |
  |-------------------------------------------------------------------|
  |                             max_days                              |
  |                                   99                              |
  +-------------------------------------------------------------------+

  +-------------------------------------------------------------------+
  | forecast_stage | stage_order | n_origins | min_days | median_days |
  |      month_end |           3 | 31oct1960 |       10 |          21 |
  |-------------------------------------------------------------------|
  |                             max_days                              |
  |                                   83                              |
  +-------------------------------------------------------------------+

  +-------------------------------------------------------------------+
  | forecast_stage | stage_order | n_origins | min_days | median_days |
  |    pre_release |           4 | 31oct1960 |        1 |           1 |
  |-------------------------------------------------------------------|
  |                             max_days                              |
  |                                    1                              |
  +-------------------------------------------------------------------+

. format n_origins %9.0g

. restore

. 
. 
. /**********************************************************************
> * 3. LABOUR STAGE CALENDAR
> **********************************************************************/
. 
. display as text ""


. display as text "=== LABOUR STAGE CALENDAR ==="
=== LABOUR STAGE CALENDAR ===

. 
. import delimited ///
>     "data/raw/forecast_calendars/labour_stage_calendar.csv", ///
>     clear varnames(1) stringcols(_all)
(encoding automatically selected: ISO-8859-9)
(7 vars, 1,739 obs)

. 
. gen double fdate = daily(forecast_date, "YMD")

. gen double rdate = daily(actual_release_date, "YMD")

. format fdate rdate %td

. 
. destring days_to_release, replace
days_to_release: all characters numeric; replaced as byte

. 
. assert !missing(fdate)

. 
. isid target_series target_period forecast_stage

. 
. gen byte stage_order = .
(1,739 missing values generated)

. replace stage_order = 1 if forecast_stage == "month_open"
(346 real changes made)

. replace stage_order = 2 if forecast_stage == "after_week_1"
(346 real changes made)

. replace stage_order = 3 if forecast_stage == "after_week_2"
(349 real changes made)

. replace stage_order = 4 if forecast_stage == "month_end"
(349 real changes made)

. replace stage_order = 5 if forecast_stage == "pre_employment_report"
(349 real changes made)

. 
. assert !missing(stage_order)

. 
. assert day(fdate) == 1 ///
>     if forecast_stage == "month_open"

. 
. assert day(fdate) == 7 ///
>     if forecast_stage == "after_week_1"

. 
. assert day(fdate) == 14 ///
>     if forecast_stage == "after_week_2"

. 
. assert fdate == dofm(mofd(fdate) + 1) - 1 ///
>     if forecast_stage == "month_end"

. 
. assert fdate == rdate - 1 ///
>     if forecast_stage == "pre_employment_report"

. 
. gen calculated_days_to_release = rdate - fdate

. 
. assert calculated_days_to_release == days_to_release

. 
. bysort target_series target_period: gen byte nstages = _N

. 
. sort target_series target_period stage_order

. 
. by target_series target_period: ///
>     gen stage_gap_days = fdate - fdate[_n-1] if _n > 1
(349 missing values generated)

. 
. count if stage_gap_days < 0
  0

. assert r(N) == 0

. 
. count if stage_gap_days == 0
  24

. display as result ///
>     "Same-calendar-day labour stage transitions: " r(N)
Same-calendar-day labour stage transitions: 24

. 
. assert stage_gap_days >= 0 if !missing(stage_gap_days)

. 
. tab forecast_stage

       forecast_stage |      Freq.     Percent        Cum.
----------------------+-----------------------------------
         after_week_1 |        346       19.90       19.90
         after_week_2 |        349       20.07       39.97
            month_end |        349       20.07       60.03
           month_open |        346       19.90       79.93
pre_employment_report |        349       20.07      100.00
----------------------+-----------------------------------
                Total |      1,739      100.00

. tab target_series

target_series |      Freq.     Percent        Cum.
--------------+-----------------------------------
CES0500000003 |        548       31.51       31.51
       PAYEMS |        598       34.39       65.90
       UNRATE |        593       34.10      100.00
--------------+-----------------------------------
        Total |      1,739      100.00

. tab nstages

    nstages |      Freq.     Percent        Cum.
------------+-----------------------------------
          3 |          9        0.52        0.52
          5 |      1,730       99.48      100.00
------------+-----------------------------------
      Total |      1,739      100.00

. 
. preserve

. collapse ///
>     (count) n_origins=fdate ///
>     (min) min_days=days_to_release ///
>     (median) median_days=days_to_release ///
>     (max) max_days=days_to_release, ///
>     by(forecast_stage stage_order)

. 
. sort stage_order

. list, noobs abbreviate(28)

  +--------------------------------------------------------------------------+
  |        forecast_stage | stage_order | n_origins | min_days | median_days |
  |            month_open |           1 | 12dec1960 |       31 |          34 |
  |--------------------------------------------------------------------------|
  |                                 max_days                                 |
  |                                       80                                 |
  +--------------------------------------------------------------------------+

  +--------------------------------------------------------------------------+
  |        forecast_stage | stage_order | n_origins | min_days | median_days |
  |          after_week_1 |           2 | 12dec1960 |       25 |          28 |
  |--------------------------------------------------------------------------|
  |                                 max_days                                 |
  |                                       74                                 |
  +--------------------------------------------------------------------------+

  +--------------------------------------------------------------------------+
  |        forecast_stage | stage_order | n_origins | min_days | median_days |
  |          after_week_2 |           3 | 15dec1960 |       18 |          21 |
  |--------------------------------------------------------------------------|
  |                                 max_days                                 |
  |                                       67                                 |
  +--------------------------------------------------------------------------+

  +--------------------------------------------------------------------------+
  |        forecast_stage | stage_order | n_origins | min_days | median_days |
  |             month_end |           4 | 15dec1960 |        1 |           5 |
  |--------------------------------------------------------------------------|
  |                                 max_days                                 |
  |                                       51                                 |
  +--------------------------------------------------------------------------+

  +--------------------------------------------------------------------------+
  |        forecast_stage | stage_order | n_origins | min_days | median_days |
  | pre_employment_report |           5 | 15dec1960 |        1 |           1 |
  |--------------------------------------------------------------------------|
  |                                 max_days                                 |
  |                                        1                                 |
  +--------------------------------------------------------------------------+

. format n_origins %9.0g

. restore

. 
. 
. /**********************************************************************
> * 4. SCIENTIFIC DESIGN SUMMARY
> **********************************************************************/
. 
. display as text ""


. display as text "============================================================
> "
============================================================

. display as result "STAGE-CALENDAR AUDIT COMPLETED SUCCESSFULLY"
STAGE-CALENDAR AUDIT COMPLETED SUCCESSFULLY

. display as text ""


. display as text "GDP chronological stages:"
GDP chronological stages:

. display as text "  1 early_quarter"
  1 early_quarter

. display as text "  2 after_month_1"
  2 after_month_1

. display as text "  3 after_month_2"
  3 after_month_2

. display as text "  4 quarter_end"
  4 quarter_end

. display as text "  5 pre_advance_release"
  5 pre_advance_release

. 
. display as text ""


. display as text "Inflation chronological stages:"
Inflation chronological stages:

. display as text "  1 month_open"
  1 month_open

. display as text "  2 mid_month"
  2 mid_month

. display as text "  3 month_end"
  3 month_end

. display as text "  4 pre_release"
  4 pre_release

. 
. display as text ""


. display as text "Labour chronological stages:"
Labour chronological stages:

. display as text "  1 month_open"
  1 month_open

. display as text "  2 after_week_1"
  2 after_week_1

. display as text "  3 after_week_2"
  3 after_week_2

. display as text "  4 month_end"
  4 month_end

. display as text "  5 pre_employment_report"
  5 pre_employment_report

. display as text "============================================================
> "
============================================================

. 
end of do-file
