
  ___  ____  ____  ____  ____ ®
 /__    /   ____/   /   ____/      StataNow 19.5
___/   /   /___/   /   /___/       BE—Basic Edition

 Statistics and Data Science       Copyright 1985-2025 StataCorp LLC
                                   StataCorp
                                   4905 Lakeway Drive
                                   College Station, Texas 77845 USA
                                   800-782-8272        https://www.stata.com
                                   979-696-4600        service@stata.com

Stata license: Single-user , expiring  7 May 2027
Serial number: 301909003295
  Licensed to: Cenk Yildiran
               Independent Researcher

Notes:
      1. Stata is running in batch mode.
      2. Unicode is supported; see help unicode_advice.

. do stata\10_confirmatory_h4_intervals_audit.do 

. /***********************************************************************
> * MacroPulse Scientific Paper
> * Confirmatory H4 Prior-Only Prediction-Interval Audit
> *
> * File:
> *   stata/10_confirmatory_h4_intervals_audit.do
> *
> * Purpose:
> *   Independently audit H4 output structure, frozen research-policy
> *   identity, strict release-date eligibility, interval algebra,
> *   coverage/width/score summaries, and primary-vs-benchmark means.
> *
> * Note:
> *   Exact weighted-quantile construction and HAC standard errors remain
> *   frozen in the precommitted Python implementation. This Stata audit
> *   independently verifies the resulting interval arithmetic and reported
> *   non-HAC summary quantities.
> ***********************************************************************/
. 
. version 19

. clear all

. set more off

. 
. display as text "============================================================
> "
============================================================

. display as text "10_confirmatory_h4_intervals_audit.do"
10_confirmatory_h4_intervals_audit.do

. display as text "Confirmatory H4 prior-only interval audit"
Confirmatory H4 prior-only interval audit

. display as text "============================================================
> "
============================================================

. 
. /***********************************************************************
> * 1. DETAIL-LEVEL STRUCTURAL AND ALGEBRAIC GATES
> ***********************************************************************/
. 
. import delimited ///
>     "outputs/confirmatory/h4_interval_detail.csv", ///
>     clear varnames(1) encoding("UTF-8")
(0 vars, 0 obs)

. 
. assert _N > 0
assertion is false
r(9);

end of do-file
r(9);
