
  ___  ____  ____  ____  ____ ®
 /__    /   ____/   /   ____/      StataNow 19.5
___/   /   /___/   /   /___/       BE—Basic Edition

 Statistics and Data Science       Copyright 1985-2025 StataCorp LLC
                                   StataCorp
                                   4905 Lakeway Drive
                                   College Station, Texas 77845 USA
                                   800-782-8272        https://www.stata.com
                                   979-696-4600        service@stata.com

Stata license: Single-user , expiring  7 May 2027
Serial number: 301909003295
  Licensed to: Cenk Yildiran
               Independent Researcher

Notes:
      1. Stata is running in batch mode.
      2. Unicode is supported; see help unicode_advice.

. do stata\10_confirmatory_h4_intervals_audit.do 

. /***********************************************************************
> * MacroPulse Scientific Paper
> * Confirmatory H4 Prior-Only Prediction-Interval Audit
> *
> * File:
> *   stata/10_confirmatory_h4_intervals_audit.do
> *
> * Purpose:
> *   Independently audit H4 output structure, frozen research-policy
> *   identity, strict release-date eligibility, interval algebra,
> *   coverage/width/score summaries, and primary-vs-benchmark means.
> *
> * Note:
> *   Exact weighted-quantile construction and HAC standard errors remain
> *   frozen in the precommitted Python implementation. This Stata audit
> *   independently verifies the resulting interval arithmetic and reported
> *   non-HAC summary quantities.
> ***********************************************************************/
. 
. version 19

. clear all

. set more off

. 
. display as text "============================================================
> "
============================================================

. display as text "10_confirmatory_h4_intervals_audit.do"
10_confirmatory_h4_intervals_audit.do

. display as text "Confirmatory H4 prior-only interval audit"
Confirmatory H4 prior-only interval audit

. display as text "============================================================
> "
============================================================

. 
. /***********************************************************************
> * 1. DETAIL-LEVEL STRUCTURAL AND ALGEBRAIC GATES
> ***********************************************************************/
. 
. import delimited ///
>     "outputs/confirmatory/h4_interval_detail.csv", ///
>     clear varnames(1) encoding("UTF-8")
(30 vars, 3,846 obs)

. 
. assert _N > 0

. isid domain_name target_series target_period forecast_stage interval_method

. 
. assert abs(nominal_coverage - .8) <= 1e-6

. assert inlist(eligible_h4, 0, 1)

. assert inlist(is_primary, 0, 1)

. 
. assert interval_method == "rolling_q80" if domain_name == "GDP" & is_primary 
> == 1

. assert interval_method == "exp_weighted_q80" if ///
>     inlist(domain_name, "Inflation", "Labour") & is_primary == 1

. 
. assert calibration_window == 20 if domain_name == "GDP"

. assert minimum_prior_errors == 12 if domain_name == "GDP"

. assert calibration_window == 48 if inlist(domain_name, "Inflation", "Labour")

. assert minimum_prior_errors == 24 if inlist(domain_name, "Inflation", "Labour
> ")

. 
. assert calibration_window_count <= calibration_window

. assert prior_observable_error_count >= calibration_window_count

. assert calibration_window_count >= minimum_prior_errors if eligible_h4 == 1

. assert calibration_window_count < minimum_prior_errors if eligible_h4 == 0
(null assertion)

. 
. gen double fd = date(forecast_date, "YMD")

. gen double ard = date(actual_release_date, "YMD")

. gen double maxcal = date(max_calibration_release_date, "YMD")

. format fd ard maxcal %td

. 
. assert !missing(fd)

. assert !missing(ard)

. assert maxcal < fd if eligible_h4 == 1

. assert calibration_cutoff_target_period != "" if eligible_h4 == 1

. 
. assert missing(interval_half_width) if eligible_h4 == 0
(null assertion)

. assert missing(lower_80) if eligible_h4 == 0
(null assertion)

. assert missing(upper_80) if eligible_h4 == 0
(null assertion)

. assert missing(interval_covered) if eligible_h4 == 0
(null assertion)

. assert missing(interval_score) if eligible_h4 == 0
(null assertion)

. 
. assert interval_half_width >= 0 if eligible_h4 == 1

. assert interval_width >= 0 if eligible_h4 == 1

. 
. assert abs(lower_80 - (point_forecast - interval_half_width)) <= ///
>     1e-6 * max(1, abs(lower_80), abs(point_forecast), ///
>     abs(interval_half_width)) if eligible_h4 == 1

. 
. assert abs(upper_80 - (point_forecast + interval_half_width)) <= ///
>     1e-6 * max(1, abs(upper_80), abs(point_forecast), ///
>     abs(interval_half_width)) if eligible_h4 == 1

. 
. assert abs(interval_width - (upper_80 - lower_80)) <= ///
>     1e-6 * max(1, abs(interval_width), abs(upper_80), ///
>     abs(lower_80)) if eligible_h4 == 1

. 
. gen byte covered_reproduced = ///
>     actual >= lower_80 & actual <= upper_80 if eligible_h4 == 1

. gen byte lower_reproduced = actual < lower_80 if eligible_h4 == 1

. gen byte upper_reproduced = actual > upper_80 if eligible_h4 == 1

. 
. assert interval_covered == covered_reproduced if eligible_h4 == 1

. assert lower_miss == lower_reproduced if eligible_h4 == 1

. assert upper_miss == upper_reproduced if eligible_h4 == 1

. assert violation == 1 - interval_covered if eligible_h4 == 1

. assert lower_miss + upper_miss == violation if eligible_h4 == 1

. 
. gen double score_reproduced = interval_width if eligible_h4 == 1

. replace score_reproduced = score_reproduced + ///
>     10 * (lower_80 - actual) if eligible_h4 == 1 & actual < lower_80
(180 real changes made)

. replace score_reproduced = score_reproduced + ///
>     10 * (actual - upper_80) if eligible_h4 == 1 & actual > upper_80
(146 real changes made)

. 
. assert abs(interval_score - score_reproduced) <= ///
>     1e-6 * max(1, abs(interval_score), abs(score_reproduced)) ///
>     if eligible_h4 == 1
31 contradictions in 3,846 observations
assertion is false
r(9);

end of do-file
r(9);
